python3 -m unittest discover -s scripts/tests -v
test_artifact_scan_catches_private_pem_not_a_label (test_tooling.ToolingTests.test_artifact_scan_catches_private_pem_not_a_label) ... ok
test_coverage_merges_duplicate_blocks_without_inflating_denominator (test_tooling.ToolingTests.test_coverage_merges_duplicate_blocks_without_inflating_denominator) ... ok
test_fuzz_commands_select_existing_package_targets (test_tooling.ToolingTests.test_fuzz_commands_select_existing_package_targets) ... FAIL
test_missing_critical_coverage_is_not_success (test_tooling.ToolingTests.test_missing_critical_coverage_is_not_success) ... ok
test_missing_integration_fails (test_tooling.ToolingTests.test_missing_integration_fails) ... ok
test_module_zip_excludes_nested_module_and_private_material (test_tooling.ToolingTests.test_module_zip_excludes_nested_module_and_private_material) ... ok
test_release_gate_rejects_partial_or_stale_report (test_tooling.ToolingTests.test_release_gate_rejects_partial_or_stale_report) ... ok
test_release_gate_rejects_unverified (test_tooling.ToolingTests.test_release_gate_rejects_unverified) ... ok
test_release_requires_real_non_skipped_evidence (test_tooling.ToolingTests.test_release_requires_real_non_skipped_evidence) ... ok

======================================================================
FAIL: test_fuzz_commands_select_existing_package_targets (test_tooling.ToolingTests.test_fuzz_commands_select_existing_package_targets)
----------------------------------------------------------------------
Traceback (most recent call last):
  File "/mnt/data/openbao-sdk-go/scripts/tests/test_tooling.py", line 51, in test_fuzz_commands_select_existing_package_targets
    self.assertRegex(declarations,r'func\s+'+re.escape(name)+r'\s*\(',msg=f'{name} is not a runnable target in {words[-1]}')
    ~~~~~~~~~~~~~~~~^^^^^^^^^^^^^^^^^^^^^^^^^^^^^^^^^^^^^^^^^^^^^^^^^^^^^^^^^^^^^^^^^^^^^^^^^^^^^^^^^^^^^^^^^^^^^^^^^^^^^^^^
AssertionError: Regex didn't match: 'func\\s+FuzzDocument\\s*\\(' not found in 'package jsondoc\n\nimport (\n\t"encoding/json"\n\t"strings"\n\t"testing"\n)\n\nfunc TestStrictTree(t *testing.T) {\n\tfor _, s := range []string{`{"n":9007199254740993,"d":1.000000000000000001,"a":[true,false,null,{"ok":"x"}]}`, `{}`, `{"nested":{"array":[]}}`} {\n\t\tv, e := Object([]byte(s))\n\t\tif e != nil || v == nil {\n\t\t\tt.Fatal("valid object rejected")\n\t\t}\n\t}\n\tv, e := Object([]byte(`{"n":9007199254740993}`))\n\tif e != nil || v["n"].(json.Number).String() != "9007199254740993" {\n\t\tt.Fatal("numeric lexeme lost")\n\t}\n\tfor _, s := range []string{"", `null`, `[]`, `1`, `true`, `"x"`, `{} {}`, `{"a":1,"\\u0061":2}`, `{"a":[{"x":1,"x":2}]}`, `{"a":}`, `{"a" 1}`, `{1:2}`, `[1,]`, `{"a":[]`, "{\\"a\\":\\"\\xff\\"}", strings.Repeat(`{"a":`, 65) + "0" + strings.Repeat("}", 65)} {\n\t\tif _, e := Object([]byte(s)); e == nil {\n\t\t\tt.Fatal("malformed/non-object tree accepted")\n\t\t}\n\t}\n\tfor _, s := range []string{`null`, `[1,true,"ok"]`, `1`, `false`} {\n\t\tif _, e := Parse([]byte(s), false); e != nil {\n\t\t\tt.Fatal("non-object parse mode broken")\n\t\t}\n\t}\n}\nfunc FuzzJSON(f *testing.F) {\n\tfor _, s := range []string{`{}`, `{"a":1,"a":2}`, `[1]`, `{"a":[false,null]}`} {\n\t\tf.Add(s)\n\t}\n\tf.Fuzz(func(t *testing.T, s string) {\n\t\tif len(s) > 1<<20 {\n\t\t\treturn\n\t\t}\n\t\tv, e := Parse([]byte(s), false)\n\t\tif e == nil {\n\t\t\tb, e := json.Marshal(v)\n\t\t\tif e != nil {\n\t\t\t\tt.Fatal("valid tree not serializable")\n\t\t\t}\n\t\t\tif _, e = Parse(b, false); e != nil {\n\t\t\t\tt.Fatal("valid tree did not roundtrip")\n\t\t\t}\n\t\t}\n\t})\n}\n' : FuzzDocument is not a runnable target in ./internal/jsondoc

----------------------------------------------------------------------
Ran 9 tests in 0.003s

FAILED (failures=1)
make: *** [Makefile:30: tooling-test] Error 1
