test_artifact_scan_catches_private_pem_not_a_label (test_tooling.ToolingTests.test_artifact_scan_catches_private_pem_not_a_label) ... ok
test_coverage_merges_duplicate_blocks_without_inflating_denominator (test_tooling.ToolingTests.test_coverage_merges_duplicate_blocks_without_inflating_denominator) ... ERROR
test_missing_critical_coverage_is_not_success (test_tooling.ToolingTests.test_missing_critical_coverage_is_not_success) ... ERROR
test_missing_integration_fails (test_tooling.ToolingTests.test_missing_integration_fails) ... ok
test_module_zip_excludes_nested_module_and_private_material (test_tooling.ToolingTests.test_module_zip_excludes_nested_module_and_private_material) ... ok
test_release_gate_rejects_partial_or_stale_report (test_tooling.ToolingTests.test_release_gate_rejects_partial_or_stale_report) ... ok
test_release_gate_rejects_unverified (test_tooling.ToolingTests.test_release_gate_rejects_unverified) ... ok
test_release_requires_real_non_skipped_evidence (test_tooling.ToolingTests.test_release_requires_real_non_skipped_evidence) ... ok

======================================================================
ERROR: test_coverage_merges_duplicate_blocks_without_inflating_denominator (test_tooling.ToolingTests.test_coverage_merges_duplicate_blocks_without_inflating_denominator)
----------------------------------------------------------------------
Traceback (most recent call last):
  File "/mnt/data/openbao-sdk-go/scripts/tests/test_tooling.py", line 28, in test_coverage_merges_duplicate_blocks_without_inflating_denominator
    entries=tooling.parse_coverage("mode: atomic\nm/p/file.go:1.1,2.2 3 0\nm/p/file.go:1.1,2.2 3 2\nm/p/file.go:3.1,4.2 1 0\n")
            ^^^^^^^^^^^^^^^^^^^^^^
AttributeError: module 'tooling' has no attribute 'parse_coverage'

======================================================================
ERROR: test_missing_critical_coverage_is_not_success (test_tooling.ToolingTests.test_missing_critical_coverage_is_not_success)
----------------------------------------------------------------------
Traceback (most recent call last):
  File "/mnt/data/openbao-sdk-go/scripts/tests/test_tooling.py", line 32, in test_missing_critical_coverage_is_not_success
    report=tooling.coverage_result({},"m")
           ^^^^^^^^^^^^^^^^^^^^^^^
AttributeError: module 'tooling' has no attribute 'coverage_result'

----------------------------------------------------------------------
Ran 8 tests in 0.003s

FAILED (errors=2)
