EVIDENCE_CLASS=CONTRACT_WITH_TEST_SENDER; official api/v2 factory NOT EXECUTED; vet NOT RUN (Go 1.23 overlay limitation)
--- FAIL: TestTLSFileRejectsFIFOWithoutBlocking (0.10s)
    network_linux_test.go:36: non-regular TLS file blocked before validation
FAIL
FAIL	git.example.com/infra/openbao-sdk-go	0.104s
--- FAIL: TestCredentialWorkflowRejectsNilStored (0.00s)
panic: runtime error: invalid memory address or nil pointer dereference [recovered]
	panic: runtime error: invalid memory address or nil pointer dereference
[signal SIGSEGV: segmentation violation code=0x1 addr=0x0 pc=0x52364a]

goroutine 18 [running]:
testing.tRunner.func1.2({0x53ef00, 0x674950})
	/usr/local/go/src/testing/testing.go:1632 +0x230
testing.tRunner.func1()
	/usr/local/go/src/testing/testing.go:1635 +0x35e
panic({0x53ef00?, 0x674950?})
	/usr/local/go/src/runtime/panic.go:785 +0x132
git.example.com/infra/openbao-sdk-go/examples/credentialworkflow.Coordinator.Prepare({{0x59aba0, 0xc00012a0c0}, {0x59b018, 0xc000106490}, {0x59b2d8, 0xc000106480}}, {0x59b4e0, 0x69e820}, {{0x56390e, 0x4}, ...})
	/mnt/data/openbao-sdk-go/examples/credentialworkflow/workflow.go:83 +0x2ca
git.example.com/infra/openbao-sdk-go/examples/credentialworkflow.TestCredentialWorkflowRejectsNilStored(0xc0001444e0)
	/mnt/data/openbao-sdk-go/examples/credentialworkflow/workflow_test.go:134 +0x211
testing.tRunner(0xc0001444e0, 0x570618)
	/usr/local/go/src/testing/testing.go:1690 +0xf4
created by testing.(*T).Run in goroutine 1
	/usr/local/go/src/testing/testing.go:1743 +0x390
FAIL	git.example.com/infra/openbao-sdk-go/examples/credentialworkflow	0.004s
FAIL
