python3 scripts/verify-release.py
RELEASE GATE: FAIL
- OB-001 not VERIFIED
- OB-002 not VERIFIED
- OB-003 not VERIFIED
- OB-004 not VERIFIED
- OB-005 not VERIFIED
- OB-006 not VERIFIED
- OB-007 not VERIFIED
- OB-008 not VERIFIED
- OB-009 not VERIFIED
- OB-010 not VERIFIED
- OB-011 not VERIFIED
- OB-012 not VERIFIED
- OB-013 not VERIFIED
- OB-014 not VERIFIED
- OB-015 not VERIFIED
- OB-016 not VERIFIED
- OB-017 not VERIFIED
- OB-018 not VERIFIED
- AC-001 not PASS
- AC-002 not PASS
- AC-008 not PASS
- AC-009 not PASS
- AC-010 not PASS
- AC-011 not PASS
- AC-012 not PASS
- AC-013 not PASS
- AC-014 not PASS
- AC-015 not PASS
- AC-016 not PASS
- AC-017 not PASS
- AC-018 not PASS
- AC-019 not PASS
- AC-020 not PASS
- AC-021 not PASS
- AC-022 not PASS
- AC-023 not PASS
- AC-024 not PASS
- AC-025 not PASS
- AC-026 not PASS
- AC-027 not PASS
- AC-028 not PASS
- AC-029 not PASS
- AC-030 not PASS
- AC-031 not PASS
- AC-032 not PASS
- AC-033 not PASS
- AC-034 not PASS
- AC-035 not PASS
- AC-036 not PASS
- AC-037 not PASS
- AC-038 not PASS
- AC-039 not PASS
- AC-040 not PASS
- AC-041 not PASS
- AC-042 not PASS
- AC-043 not PASS
- AC-044 not PASS
- AC-045 not PASS
- AC-046 not PASS
- AC-048 not PASS
- AC-049 not PASS
- AC-050 not PASS
- AC-051 not PASS
- AC-052 not PASS
- AC-053 not PASS
- AC-054 not PASS
- AC-055 not PASS
- AC-056 not PASS
- AC-057 not PASS
- AC-058 not PASS
- AC-059 not PASS
- AC-060 not PASS
- AC-061 not PASS
- AC-062 not PASS
- AC-063 not PASS
- AC-065 not PASS
- AC-066 not PASS
- AC-067 not PASS
- AC-069 not PASS
- AC-070 not PASS
- AC-071 not PASS
- integration evidence missing, unsuccessful, supplemental or stale
- consumers evidence missing, unsuccessful, supplemental or stale
- normal evidence missing, unsuccessful, supplemental or stale
- scans evidence missing, unsuccessful, supplemental or stale
AC-072 business migration is a separate gate; it is not inferred here.
make: *** [Makefile:40: release-check] Error 1
