EVIDENCE_CLASS=CONTRACT_WITH_TEST_SENDER; official api/v2 factory NOT EXECUTED; vet NOT RUN (Go 1.23 overlay limitation)
warning: no packages being tested depend on matches for pattern 
# git.example.com/infra/openbao-sdk-go
./official_sender.go:9:9: could not import github.com/openbao/openbao/api/v2 (open : no such file or directory)
# git.example.com/infra/openbao-sdk-go [git.example.com/infra/openbao-sdk-go.test]
./official_sender.go:9:9: could not import github.com/openbao/openbao/api/v2 (open : no such file or directory)
FAIL	git.example.com/infra/openbao-sdk-go [build failed]
FAIL	git.example.com/infra/openbao-sdk-go/kv [build failed]
FAIL	git.example.com/infra/openbao-sdk-go/auth [build failed]
FAIL	git.example.com/infra/openbao-sdk-go/pki [build failed]
FAIL	git.example.com/infra/openbao-sdk-go/transit [build failed]
FAIL	git.example.com/infra/openbao-sdk-go/baoerr [build failed]
FAIL	git.example.com/infra/openbao-sdk-go/sensitive [build failed]
FAIL	git.example.com/infra/openbao-sdk-go/diagnostics [build failed]
FAIL	git.example.com/infra/openbao-sdk-go/observe [build failed]
FAIL	git.example.com/infra/openbao-sdk-go/internal/engine [build failed]
FAIL	git.example.com/infra/openbao-sdk-go/internal/authn [build failed]
FAIL	git.example.com/infra/openbao-sdk-go/internal/jsondoc [build failed]
FAIL	git.example.com/infra/openbao-sdk-go/internal/pkiutil [build failed]
FAIL	git.example.com/infra/openbao-sdk-go/internal/transitutil [build failed]
FAIL
