python3 -m unittest discover -s scripts/tests -v
test_archive_corruption_and_wrong_expected_sha_are_rejected (test_dependency_bundle.DependencyBundleTests.test_archive_corruption_and_wrong_expected_sha_are_rejected) ... ok
test_archive_roundtrip_is_integrity_only_not_official_verification (test_dependency_bundle.DependencyBundleTests.test_archive_roundtrip_is_integrity_only_not_official_verification) ... ok
test_archive_symlink_traversal_and_duplicate_are_rejected (test_dependency_bundle.DependencyBundleTests.test_archive_symlink_traversal_and_duplicate_are_rejected) ... ok
test_bundle_paths_cannot_escape_or_carry_code_credentials_or_ziphash (test_dependency_bundle.DependencyBundleTests.test_bundle_paths_cannot_escape_or_carry_code_credentials_or_ziphash) ... ok
test_duplicate_json_keys_are_rejected (test_dependency_bundle.DependencyBundleTests.test_duplicate_json_keys_are_rejected) ... ok
test_environment_uses_fresh_caches_and_no_identity_or_bypass (test_dependency_bundle.DependencyBundleTests.test_environment_uses_fresh_caches_and_no_identity_or_bypass) ... ok
test_existing_output_is_not_overwritten (test_dependency_bundle.DependencyBundleTests.test_existing_output_is_not_overwritten) ... ok
test_failed_export_leaves_no_bundle_or_modified_sdk (test_dependency_bundle.DependencyBundleTests.test_failed_export_leaves_no_bundle_or_modified_sdk) ... PUBLIC_DEPENDENCY_EXPORT: BLOCKED
ok
test_input_fingerprint_detects_code_and_module_changes (test_dependency_bundle.DependencyBundleTests.test_input_fingerprint_detects_code_and_module_changes) ... ok
test_payload_hash_rejects_tampering_even_with_new_archive_sha (test_dependency_bundle.DependencyBundleTests.test_payload_hash_rejects_tampering_even_with_new_archive_sha) ... ok
test_payload_limits_are_enforced_before_extraction (test_dependency_bundle.DependencyBundleTests.test_payload_limits_are_enforced_before_extraction) ... ok
test_proxy_collection_does_not_pack_cache_bypass_or_personal_files (test_dependency_bundle.DependencyBundleTests.test_proxy_collection_does_not_pack_cache_bypass_or_personal_files) ... ok
test_proxy_must_be_one_https_origin_without_credentials_or_fallback (test_dependency_bundle.DependencyBundleTests.test_proxy_must_be_one_https_origin_without_credentials_or_fallback) ... ok
test_real_go_rejects_unsigned_synthetic_sumdb_without_network_fallback (test_dependency_bundle.DependencyBundleTests.test_real_go_rejects_unsigned_synthetic_sumdb_without_network_fallback) ... ok
test_replay_does_not_seed_supplied_go_sum_or_cache (test_dependency_bundle.DependencyBundleTests.test_replay_does_not_seed_supplied_go_sum_or_cache) ... ok
test_source_snapshot_does_not_copy_secrets_nested_modules_or_seed_sums (test_dependency_bundle.DependencyBundleTests.test_source_snapshot_does_not_copy_secrets_nested_modules_or_seed_sums) ... ok
test_source_symlink_is_rejected_not_followed (test_dependency_bundle.DependencyBundleTests.test_source_symlink_is_rejected_not_followed) ... ok
test_verify_wrong_source_does_not_run_go_or_publish_destination (test_dependency_bundle.DependencyBundleTests.test_verify_wrong_source_does_not_run_go_or_publish_destination) ... OFFLINE_DEPENDENCY_REPLAY: BLOCKED
ok
test_decode_concatenated_go_json_and_reject_truncated_output (test_dependency_check.DependencyCheckTests.test_decode_concatenated_go_json_and_reject_truncated_output) ... ok
test_error_or_missing_checksum_never_passes (test_dependency_check.DependencyCheckTests.test_error_or_missing_checksum_never_passes) ... ok
test_go_sum_must_bind_both_direct_records (test_dependency_check.DependencyCheckTests.test_go_sum_must_bind_both_direct_records) ... ok
test_module_graph_replacements_and_missing_pin_are_rejected (test_dependency_check.DependencyCheckTests.test_module_graph_replacements_and_missing_pin_are_rejected) ... ok
test_preflight_cannot_inherit_overlay_or_checksum_bypass (test_dependency_check.DependencyCheckTests.test_preflight_cannot_inherit_overlay_or_checksum_bypass) ... ok
test_records_real_files_but_does_not_claim_checksum_verification (test_dependency_check.DependencyCheckTests.test_records_real_files_but_does_not_claim_checksum_verification) ... ok
test_root_module_configuration_and_minimum_go_are_not_guessed (test_dependency_check.DependencyCheckTests.test_root_module_configuration_and_minimum_go_are_not_guessed) ... ok
test_symlink_or_missing_source_is_rejected (test_dependency_check.DependencyCheckTests.test_symlink_or_missing_source_is_rejected) ... ok
test_artifact_scan_catches_private_pem_not_a_label (test_tooling.ToolingTests.test_artifact_scan_catches_private_pem_not_a_label) ... ok
test_coverage_merges_duplicate_blocks_without_inflating_denominator (test_tooling.ToolingTests.test_coverage_merges_duplicate_blocks_without_inflating_denominator) ... ok
test_fuzz_commands_select_existing_package_targets (test_tooling.ToolingTests.test_fuzz_commands_select_existing_package_targets) ... ok
test_missing_critical_coverage_is_not_success (test_tooling.ToolingTests.test_missing_critical_coverage_is_not_success) ... ok
test_missing_integration_fails (test_tooling.ToolingTests.test_missing_integration_fails) ... ok
test_module_zip_excludes_nested_module_and_private_material (test_tooling.ToolingTests.test_module_zip_excludes_nested_module_and_private_material) ... ok
test_release_gate_rejects_partial_or_stale_report (test_tooling.ToolingTests.test_release_gate_rejects_partial_or_stale_report) ... ok
test_release_gate_rejects_unverified (test_tooling.ToolingTests.test_release_gate_rejects_unverified) ... ok
test_release_requires_real_non_skipped_evidence (test_tooling.ToolingTests.test_release_requires_real_non_skipped_evidence) ... ok

----------------------------------------------------------------------
Ran 35 tests in 0.157s

OK
